39	Italy (+39)
1	 United States (+1)	
34	 Spain (+34)
33	 France (+33)
49	 Germany (+49)
44	 United Kingdom (+44)
91	 India (+91)
971	 United Arab Emirates (+971)
376	 Andorra (+376)
93	 Afghanistan (+93)
1268	 Antigua And Barbuda (+1268)
1264	 Anguilla (+1264)
355	 Albania (+355)
374	 Armenia (+374)
244	 Angola (+244)
54	 Argentina (+54)
43	 Austria (+43)
61	 Australia (+61)
297	 Aruba (+297)
994	 Azerbaijan (+994)
387	 Bosnia And Herzegovina (+387)
1246	 Barbados (+1246)
880	 Bangladesh (+880)
32	 Belgium (+32)
226	 Burkina Faso (+226)
359	 Bulgaria (+359)
973	 Bahrain (+973)
257	 Burundi (+257)
229	 Benin (+229)
590	 Saint Barthelemy (+590)
1441	 Bermuda (+1441)
673	 Brunei Darussalam (+673)
591	 Bolivia (+591)
55	 Brazil (+55)
1242	 Bahamas (+1242)
975	 Bhutan (+975)
267	 Botswana (+267)
375	 Belarus (+375)
501	 Belize (+501)
1	 Canada (+1)
242,243	 Congo (+243)
236	 Central African Republic (+236)
41	 Switzerland (+41)
225	 Cote D Ivoire (+225)
682	 Cook Islands (+682)
56	 Chile (+56)
237	 Cameroon (+237)
86	 China (+86)
57	 Colombia (+57)
506	 Costa Rica (+506)
53	 Cuba (+53)
238	 Cape Verde (+238)
357	 Cyprus (+357)
420	 Czech Republic (+420)
45	 Denmark (+45)
1767	 Dominica (+1767)
1809	 Dominican Republic (+1809)
213	 Algeria (+213)
593	 Ecuador (+593)
372	 Estonia (+372)
20	 Egypt (+20)
291	 Eritrea (+291)
251	 Ethiopia (+251)
358	 Finland (+358)
679	 Fiji (+679)
298	 Faroe Islands (+298)
995	 Georgia (+995)
233	 Ghana (+233)
299	 Greenland (+299)
220	 Gambia (+220)
224,245	 Guinea (+224)
30	 Greece (+30)
502	 Guatemala (+502)
1671	 Guam (+1671)
592	 Guyana (+592)
852	 Hong Kong (+852)
504	 Honduras (+504)
385	 Croatia (+385)
509	 Haiti (+509)
36	 Hungary (+36)
62	 Indonesia (+62)
353	 Ireland (+353)
972	 Israel (+972)
44	 Isle Of Man (+44)
964	 Iraq (+964)
98	 Iran (+98)
354	 Iceland (+354)
1876	 Jamaica (+1876)
962	 Jordan (+962)
81	 Japan (+81)
254	 Kenya (+254)
996	 Kyrgyzstan (+996)
855	 Cambodia (+855)
686	 Kiribati (+686)
269	 Comoros (+269)
850	 Korea Democratic Peoples Republic Of (+850)
82	 Korea Republic Of (+82)
965	 Kuwait (+965)
7	 Kazakstan (+7)
961	 Lebanon (+961)
1758	 Saint Lucia (+1758)
423	 Liechtenstein (+423)
94	 Sri Lanka (+94)
231	 Liberia (+231)
370	 Lithuania (+370)
352	 Luxembourg (+352)
371	 Latvia (+371)
218	 Libyan Arab Jamahiriya (+218)
212	 Morocco (+212)
377	 Monaco (+377)
373	 Moldova, Republic Of (+373)
382	 Montenegro (+382)
261	 Madagascar (+261)
692	 Marshall Islands (+692)
389	 Macedonia (+389)
223	 Mali (+223)
95	 Myanmar (+95)
976	 Mongolia (+976)
853	 Macau (+853)
222	 Mauritania (+222)
1664	 Montserrat (+1664)
356	 Malta (+356)
230	 Mauritius (+230)
960	 Maldives (+960)
52	 Mexico (+52)
60	 Malaysia (+60)
258	 Mozambique (+258)
264	 Namibia (+264)
687	 New Caledonia (+687)
227	 Niger (+227)
234	 Nigeria (+234)
505	 Nicaragua (+505)
31	 Netherlands (+31)
47	 Norway (+47)
977	 Nepal (+977)
64	 New Zealand (+64)
968	 Oman (+968)
507	 Panama (+507)
51	 Peru (+51)
63	 Philippines (+63)
92	 Pakistan (+92)
48	 Poland (+48)
1	 Puerto Rico (+1)
351	 Portugal (+351)
680	 Palau (+680)
595	 Paraguay (+595)
974	 Qatar (+974)
40	 Romania (+40)
381	 Serbia (+381)
7	 Russian Federation (+7)
250	 Rwanda (+250)
966	 Saudi Arabia (+966)
677	 Solomon Islands (+677)
248	 Seychelles (+248)
249	 Sudan (+249)
46	 Sweden (+46)
65	 Singapore (+65)
290	 Saint Helena (+290)
386	 Slovenia (+386)
421	 Slovakia (+421)
232	 Sierra Leone (+232)
378	 San Marino (+378)
221	 Senegal (+221)
252	 Somalia (+252)
503	 El Salvador (+503)
963	 Syrian Arab Republic (+963)
268	 Swaziland (+268)
1649	 Turks And Caicos Islands (+1649)
235	 Chad (+235)
228	 Togo (+228)
66	 Thailand (+66)
992	 Tajikistan (+992)
690	 Tokelau (+690)
993	 Turkmenistan (+993)
216	 Tunisia (+216)
676	 Tonga (+676)
90	 Turkey (+90)
1868	 Trinidad And Tobago (+1868)
886	 Taiwan, Province Of China (+886)
255	 Tanzania, United Republic Of (+255)
380	 Ukraine (+380)
256	 Uganda (+256)
598	 Uruguay (+598)
998	 Uzbekistan (+998)
1784	 Saint Vincent And The Grenadines (+1784)
58	 Venezuela (+58)
1284	 Virgin Islands, British (+1284)
1340	 Virgin Islands, U.s. (+1340)
84	 Viet Nam (+84)
685	 Samoa (+685)
381	 Kosovo (+381)
967	 Yemen (+967)
27	 South Africa (+27)
260	 Zambia (+260)
263	 Zimbabwe (+263)